---
source: crates/core/src/tools/file/tests.rs
expression: show(&out)
---
[ok]
1	fn main() {
2	    println!("hi");
3	}
---
summary: read src/main.rs lines 1–3 of 3
metadata: {"bom":false,"bytes":34,"encoding":"utf-8","end":3,"language":"rust","line_endings":"lf","lines":3,"offset":1,"truncated":false}
