---
source: crates/api/tests/snapshots.rs
expression: "(StatsRepriceParams\n{\n    model: Some(\"claude-opus-5\".into()), since: Some(\"7d\".into()),\n    ..StatsRepriceParams::default()\n}, StatsRepriceResult { examined: 4, changed: 2, unpriced: 1 })"
---
[
  {
    "model": "claude-opus-5",
    "since": "7d"
  },
  {
    "examined": 4,
    "changed": 2,
    "unpriced": 1
  }
]
