---
source: crates/api/tests/snapshots.rs
expression: notifications
---
[
  {
    "subscription": "a1",
    "seq": 1,
    "event": {
      "type": "agent.started",
      "agent_id": "a1",
      "session_id": "s1"
    }
  },
  {
    "subscription": "a1",
    "seq": 2,
    "event": {
      "type": "agent.text_delta",
      "agent_id": "a1",
      "text": "Hel"
    }
  },
  {
    "subscription": "a1",
    "seq": 3,
    "event": {
      "type": "agent.thinking_delta",
      "agent_id": "a1",
      "text": "hmm"
    }
  },
  {
    "subscription": "a1",
    "seq": 4,
    "event": {
      "type": "agent.step",
      "agent_id": "a1",
      "seq": 2,
      "phase": "tools"
    }
  },
  {
    "subscription": "a1",
    "seq": 5,
    "event": {
      "type": "agent.tool_call",
      "agent_id": "a1",
      "call_id": "c1",
      "name": "read_file",
      "input": {
        "path": "src/main.rs"
      }
    }
  },
  {
    "subscription": "a1",
    "seq": 6,
    "event": {
      "type": "agent.tool_progress",
      "agent_id": "a1",
      "call_id": "c3",
      "stream": "stderr",
      "text": "   Compiling core v0.1.0\n"
    }
  },
  {
    "subscription": "a1",
    "seq": 7,
    "event": {
      "type": "agent.tool_result",
      "agent_id": "a1",
      "call_id": "c1",
      "name": "read_file",
      "ok": true,
      "summary": "read 12 lines",
      "blob_id": "abc",
      "mentor_bytes": 412,
      "event_id": "ev12"
    }
  },
  {
    "subscription": "a1",
    "seq": 8,
    "event": {
      "type": "agent.usage",
      "agent_id": "a1",
      "call_id": "m1",
      "usage": {
        "input_tokens": 1204,
        "output_tokens": 310,
        "cache_read_input_tokens": 0,
        "cache_creation_input_tokens": 900
      },
      "cost_usd": 0.0138,
      "session_usage": {
        "input_tokens": 2408,
        "output_tokens": 620,
        "cache_read_input_tokens": 900,
        "cache_creation_input_tokens": 900
      },
      "session_cost_usd": 0.0276
    }
  },
  {
    "subscription": "a1",
    "seq": 9,
    "event": {
      "type": "agent.warning",
      "agent_id": "a1",
      "kind": "context_large",
      "message": "the last call used 612000 input tokens (soft limit 600000)"
    }
  },
  {
    "subscription": "a1",
    "seq": 10,
    "event": {
      "type": "agent.waiting",
      "agent_id": "a1",
      "reason": "rate_limited",
      "until": "2026-09-12T10:00:30.000Z",
      "wait_ms": 30000
    }
  },
  {
    "subscription": "a1",
    "seq": 11,
    "event": {
      "type": "agent.finished",
      "agent_id": "a1",
      "status": "error",
      "error": {
        "code": -32030,
        "message": "operation cancelled",
        "data": {
          "kind": "cancelled"
        }
      }
    }
  },
  {
    "subscription": "a1",
    "seq": 12,
    "event": {
      "type": "permission.request",
      "request_id": "p1",
      "agent_id": "a1",
      "tool": "shell",
      "input": {
        "command": "cargo test"
      },
      "risk": "execute",
      "description": "shell: cargo test",
      "command": "cargo test",
      "paths": [
        "."
      ],
      "suggested_rules": [
        {
          "tool": "shell",
          "effect": "allow",
          "match": {
            "command_prefix": "cargo test"
          }
        }
      ],
      "timeout_s": 600
    }
  },
  {
    "subscription": "a1",
    "seq": 13,
    "event": {
      "type": "permission.decision",
      "agent_id": "a1",
      "call_id": "c2",
      "tool": "shell",
      "decision": "deny",
      "source": "user",
      "request_id": "p1",
      "reason": "denied by user"
    }
  },
  {
    "subscription": "a1",
    "seq": 14,
    "event": {
      "type": "log",
      "level": "warn",
      "message": "3 event(s) dropped"
    }
  }
]
