---
source: crates/api/tests/snapshots.rs
expression: "(SessionListParams\n{\n    query: Some(\"hello\".into()), workspace: None, workspace_id:\n    Some(\"w1\".into()), include_archived: false, limit: Some(20), offset: None,\n}, SessionListResult { sessions: vec![summary.clone()], })"
---
[
  {
    "query": "hello",
    "workspace_id": "w1",
    "limit": 20
  },
  {
    "sessions": [
      {
        "id": "s1",
        "title": "Add a hello module",
        "workspace": "C:/src/repo",
        "workspace_id": "w1",
        "status": "open",
        "created_at": "2026-09-12T10:00:00.000Z",
        "updated_at": "2026-09-12T10:05:00.000Z",
        "message_count": 7,
        "last_activity": "2026-09-12T10:04:30.000Z",
        "last_agent_status": "ok",
        "running_agent": "a2",
        "usage": {
          "input_tokens": 1204,
          "output_tokens": 310,
          "cache_read_input_tokens": 900,
          "cache_creation_input_tokens": 0
        },
        "cost_usd": 0.0138,
        "calls": 2
      }
    ]
  }
]
